----- tail -----
Command line invocation:
    /Applications/Xcode_26.6.app/Contents/Developer/usr/bin/xcodebuild -project App.xcodeproj -scheme App -configuration Debug -sdk iphonesimulator -destination "generic/platform=iOS Simulator" CODE_SIGNING_ALLOWED=NO build

Build settings from command line:
    CODE_SIGNING_ALLOWED = NO
    SDKROOT = iphonesimulator26.5

Resolve Package Graph

Fetching from https://github.com/ionic-team/capacitor-swift-pm.git

Fetching from https://github.com/RevenueCat/purchases-hybrid-common.git

Fetching from https://github.com/google/GoogleSignIn-iOS

Fetching from https://github.com/facebook/facebook-ios-sdk.git

Fetching from https://github.com/firebase/firebase-ios-sdk.git

Fetching from https://github.com/RevenueCat/purchases-ios-spm

Fetching from https://github.com/openid/AppAuth-iOS.git

Fetching from https://github.com/google/gtm-session-fetcher.git

Fetching from https://github.com/google/GTMAppAuth.git

Fetching from https://github.com/firebase/leveldb.git

Fetching from https://github.com/google/interop-ios-for-google-sdks.git

Fetching from https://github.com/google/abseil-cpp-binary.git

Fetching from https://github.com/google/grpc-binary.git

Fetching from https://github.com/google/GoogleUtilities.git

Fetching from https://github.com/firebase/nanopb.git

Fetching from https://github.com/google/GoogleDataTransport.git

Fetching from https://github.com/google/GoogleAppMeasurement.git

Fetching from https://github.com/google/promises.git

Fetching from https://github.com/googleads/google-ads-on-device-conversion-ios-sdk

Creating working copy of package ‘GoogleDataTransport’

Checking out 10.1.1 of package ‘GoogleDataTransport’

Creating working copy of package ‘GoogleUtilities’

Checking out 8.1.3 of package ‘GoogleUtilities’

Creating working copy of package ‘purchases-ios-spm’

Checking out 5.90.2 of package ‘purchases-ios-spm’

Creating working copy of package ‘purchases-hybrid-common’

Checking out 19.3.1 of package ‘purchases-hybrid-common’

Creating working copy of package ‘google-ads-on-device-conversion-ios-sdk’

Checking out 3.7.0 of package ‘google-ads-on-device-conversion-ios-sdk’

Creating working copy of package ‘GTMAppAuth’

Checking out 5.0.0 of package ‘GTMAppAuth’

Creating working copy of package ‘leveldb’

Checking out 1.22.5 of package ‘leveldb’

Creating working copy of package ‘capacitor-swift-pm’

Checking out 8.5.2 of package ‘capacitor-swift-pm’

Creating working copy of package ‘GoogleAppMeasurement’

Checking out 12.19.2 of package ‘GoogleAppMeasurement’

Creating working copy of package ‘abseil-cpp-binary’

Checking out 1.2024072200.0 of package ‘abseil-cpp-binary’

Creating working copy of package ‘nanopb’

Checking out 2.30910.1 of package ‘nanopb’

Creating working copy of package ‘promises’

Checking out 2.4.1 of package ‘promises’

Creating working copy of package ‘GoogleSignIn-iOS’

Checking out 9.2.0 of package ‘GoogleSignIn-iOS’

Creating working copy of package ‘facebook-ios-sdk’

Checking out 18.1.1 of package ‘facebook-ios-sdk’

Creating working copy of package ‘firebase-ios-sdk’

Checking out 12.19.2 of package ‘firebase-ios-sdk’

Creating working copy of package ‘grpc-binary’

Checking out 1.69.1 of package ‘grpc-binary’

Creating working copy of package ‘gtm-session-fetcher’

Checking out 3.5.0 of package ‘gtm-session-fetcher’

Creating working copy of package ‘AppAuth-iOS’

Checking out 2.1.0 of package ‘AppAuth-iOS’

Creating working copy of package ‘interop-ios-for-google-sdks’

Checking out 101.0.0 of package ‘interop-ios-for-google-sdks’

Conflicting identity for app-check: dependency 'github.com/google/app-check' and dependency '/users/runner/work/save-the-ocean/save-the-ocean/node_modules/@capacitor-firebase/app-check' both point to the same package identity 'app-check'. This will be escalated to an error in future versions of SwiftPM.Conflicting identity for app-check: dependency 'github.com/google/app-check' and dependency '/users/runner/work/save-the-ocean/save-the-ocean/node_modules/@capacitor-firebase/app-check' both point to the same package identity 'app-check'. This will be escalated to an error in future versions of SwiftPM.product 'AppCheckCore' required by package 'googlesignin-ios' target 'GoogleSignIn' not found in package 'app-check'.